09:52:14 **** Build of configuration Debug for project hello ****
make pre-build main-build 
a9-linaro-pre-build-step
' '
'Building file: ../src/FIR_driver.c'
'Invoking: ARM v7 gcc compiler'
arm-none-eabi-gcc -Wall -O0 -g3 -c -fmessage-length=0 -MT"src/FIR_driver.o" -mcpu=cortex-a9 -mfpu=vfpv3 -mfloat-abi=hard -I../../hello_bsp/ps7_cortexa9_0/include -MMD -MP -MF"src/FIR_driver.d" -MT"src/FIR_driver.o" -o "src/FIR_driver.o" "../src/FIR_driver.c"
../src/FIR_driver.c: In function 'charge_coef':
../src/FIR_driver.c:48:7: warning: implicit declaration of function 'usleep'; did you mean 'fseek'? [-Wimplicit-function-declaration]
       usleep(1);
       ^~~~~~
       fseek
'Finished building: ../src/FIR_driver.c'
' '
'Building file: ../src/audio_fun.c'
'Invoking: ARM v7 gcc compiler'
arm-none-eabi-gcc -Wall -O0 -g3 -c -fmessage-length=0 -MT"src/audio_fun.o" -mcpu=cortex-a9 -mfpu=vfpv3 -mfloat-abi=hard -I../../hello_bsp/ps7_cortexa9_0/include -MMD -MP -MF"src/audio_fun.d" -MT"src/audio_fun.o" -o "src/audio_fun.o" "../src/audio_fun.c"
'Finished building: ../src/audio_fun.c'
' '
'Building file: ../src/filter_driver_H.c'
'Invoking: ARM v7 gcc compiler'
arm-none-eabi-gcc -Wall -O0 -g3 -c -fmessage-length=0 -MT"src/filter_driver_H.o" -mcpu=cortex-a9 -mfpu=vfpv3 -mfloat-abi=hard -I../../hello_bsp/ps7_cortexa9_0/include -MMD -MP -MF"src/filter_driver_H.d" -MT"src/filter_driver_H.o" -o "src/filter_driver_H.o" "../src/filter_driver_H.c"
../src/filter_driver_H.c: In function 'set_filter_param':
../src/filter_driver_H.c:49:16: warning: passing argument 1 of 'array_copy' from incompatible pointer type [-Wincompatible-pointer-types]
     array_copy(&h_left,&InstancePtr->h_L,InstancePtr->order);
                ^
../src/filter_driver_H.c:31:6: note: expected 'u32 * {aka long unsigned int *}' but argument is of type 'u32 (*)[40] {aka long unsigned int (*)[40]}'
 void array_copy(u32 *source,u32 *dest,int size)
      ^~~~~~~~~~
../src/filter_driver_H.c:49:24: warning: passing argument 2 of 'array_copy' from incompatible pointer type [-Wincompatible-pointer-types]
     array_copy(&h_left,&InstancePtr->h_L,InstancePtr->order);
                        ^
../src/filter_driver_H.c:31:6: note: expected 'u32 * {aka long unsigned int *}' but argument is of type 'u32 (*)[40] {aka long unsigned int (*)[40]}'
 void array_copy(u32 *source,u32 *dest,int size)
      ^~~~~~~~~~
../src/filter_driver_H.c:50:16: warning: passing argument 1 of 'array_copy' from incompatible pointer type [-Wincompatible-pointer-types]
     array_copy(&h_right,&InstancePtr->h_R,InstancePtr->order);
                ^
../src/filter_driver_H.c:31:6: note: expected 'u32 * {aka long unsigned int *}' but argument is of type 'u32 (*)[40] {aka long unsigned int (*)[40]}'
 void array_copy(u32 *source,u32 *dest,int size)
      ^~~~~~~~~~
../src/filter_driver_H.c:50:25: warning: passing argument 2 of 'array_copy' from incompatible pointer type [-Wincompatible-pointer-types]
     array_copy(&h_right,&InstancePtr->h_R,InstancePtr->order);
                         ^
../src/filter_driver_H.c:31:6: note: expected 'u32 * {aka long unsigned int *}' but argument is of type 'u32 (*)[40] {aka long unsigned int (*)[40]}'
 void array_copy(u32 *source,u32 *dest,int size)
      ^~~~~~~~~~
'Finished building: ../src/filter_driver_H.c'
' '
'Building file: ../src/helloworld.c'
'Invoking: ARM v7 gcc compiler'
arm-none-eabi-gcc -Wall -O0 -g3 -c -fmessage-length=0 -MT"src/helloworld.o" -mcpu=cortex-a9 -mfpu=vfpv3 -mfloat-abi=hard -I../../hello_bsp/ps7_cortexa9_0/include -MMD -MP -MF"src/helloworld.d" -MT"src/helloworld.o" -o "src/helloworld.o" "../src/helloworld.c"
../src/helloworld.c: In function 'main':
../src/helloworld.c:105:5: warning: implicit declaration of function 'set_filter_param' [-Wimplicit-function-declaration]
     set_filter_param(&filter_instance);
     ^~~~~~~~~~~~~~~~
../src/helloworld.c:114:9: warning: unused variable 'btnState' [-Wunused-variable]
     int btnState = 0;
         ^~~~~~~~
../src/helloworld.c:113:9: warning: unused variable 'swState' [-Wunused-variable]
     int swState = 0;
         ^~~~~~~
../src/helloworld.c:112:15: warning: unused variable 'output' [-Wunused-variable]
  XGpio input, output;
               ^~~~~~
'Finished building: ../src/helloworld.c'
' '
'Building file: ../src/platform.c'
'Invoking: ARM v7 gcc compiler'
arm-none-eabi-gcc -Wall -O0 -g3 -c -fmessage-length=0 -MT"src/platform.o" -mcpu=cortex-a9 -mfpu=vfpv3 -mfloat-abi=hard -I../../hello_bsp/ps7_cortexa9_0/include -MMD -MP -MF"src/platform.d" -MT"src/platform.o" -o "src/platform.o" "../src/platform.c"
'Finished building: ../src/platform.c'
' '
'Building file: ../src/timer_ps.c'
'Invoking: ARM v7 gcc compiler'
arm-none-eabi-gcc -Wall -O0 -g3 -c -fmessage-length=0 -MT"src/timer_ps.o" -mcpu=cortex-a9 -mfpu=vfpv3 -mfloat-abi=hard -I../../hello_bsp/ps7_cortexa9_0/include -MMD -MP -MF"src/timer_ps.d" -MT"src/timer_ps.o" -o "src/timer_ps.o" "../src/timer_ps.c"
'Finished building: ../src/timer_ps.c'
' '
'Building target: hello.elf'
'Invoking: ARM v7 gcc linker'
arm-none-eabi-gcc -mcpu=cortex-a9 -mfpu=vfpv3 -mfloat-abi=hard -Wl,-build-id=none -specs=Xilinx.spec -Wl,-T -Wl,../src/lscript.ld -L../../hello_bsp/ps7_cortexa9_0/lib -o "hello.elf"  ./src/FIR_driver.o ./src/audio_fun.o ./src/filter_driver_H.o ./src/helloworld.o ./src/platform.o ./src/timer_ps.o   -Wl,--start-group,-lxil,-lgcc,-lc,--end-group
'Finished building target: hello.elf'
' '
'Invoking: ARM v7 Print Size'
arm-none-eabi-size hello.elf  |tee "hello.elf.size"
   text	   data	    bss	    dec	    hex	filename
  83008	   3920	  23440	 110368	  1af20	hello.elf
'Finished building: hello.elf.size'
' '

09:52:19 Build Finished (took 4s.764ms)

